// Jest Snapshot v1, https://goo.gl/fbAQLP

exports[`App component test renders the app as expected 1`] = `
<div
  className="Card"
>
  <button
    type="button"
  >
    delete
  </button>
  <h3 />
  <p />
</div>
`;
